// Jest Snapshot v1, https://goo.gl/fbAQLP

exports[`<TextInput /> Should match snapshot 1`] = `
<div>
  <input
    class="text-input"
    placeholder="Pesquise seu post aqui !"
    type="search"
    value="testando"
  />
</div>
`;
